// Jest Snapshot v1, https://goo.gl/fbAQLP

exports[`Button component should render 1`] = `
.c0 {
  background-color: #ffffff;
  border-radius: 3px;
  border: 0;
  color: #00a396;
  cursor: pointer;
  font-size: 1rem;
  padding: 11px 1rem;
}

<button
  class="c0"
  type="button"
>
  Change location
</button>
`;
