// Jest Snapshot v1, https://goo.gl/fbAQLP

exports[`App component should render 1`] = `
.c0 {
  -webkit-align-items: center;
  -webkit-box-align: center;
  -ms-flex-align: center;
  align-items: center;
  display: -webkit-box;
  display: -webkit-flex;
  display: -ms-flexbox;
  display: flex;
  -webkit-box-pack: justify;
  -webkit-justify-content: space-between;
  -ms-flex-pack: justify;
  justify-content: space-between;
  margin: 0 16px;
  height: 48px;
}

.c1 {
  -webkit-align-items: center;
  -webkit-box-align: center;
  -ms-flex-align: center;
  align-items: center;
  display: -webkit-box;
  display: -webkit-flex;
  display: -ms-flexbox;
  display: flex;
}

.c5 {
  background-color: #ffffff;
  border-radius: 3px;
  border: 0;
  color: #00a396;
  cursor: pointer;
  font-size: 1rem;
  padding: 11px 1rem;
}

.c2 {
  -webkit-align-items: flex-start;
  -webkit-box-align: flex-start;
  -ms-flex-align: flex-start;
  align-items: flex-start;
  background-color: #00ccbc;
  box-sizing: border-box;
  display: -webkit-box;
  display: -webkit-flex;
  display: -ms-flexbox;
  display: flex;
  -webkit-flex-direction: column;
  -ms-flex-direction: column;
  flex-direction: column;
  height: 177px;
  -webkit-box-pack: justify;
  -webkit-justify-content: space-between;
  -ms-flex-pack: justify;
  justify-content: space-between;
  padding: 1.5rem 1rem;
}

.c3 {
  font-size: 1rem;
  line-height: 1.375rem;
  margin: 0 0 2px;
  opacity: 50%;
}

.c4 {
  color: #ffffff;
  font-size: 2.125rem;
  margin: 0 0 1.25rem;
}

.c6 {
  margin: 2.5rem 0;
}

<div>
  <div
    class="c0"
  >
    <img
      alt="deliveroo logo"
      data-testid="navbarSmallLogo"
      src="small-logo.svg"
    />
    <div
      class="c1"
    >
      <img
        alt="user icon"
        src="user-icon.svg"
      />
    </div>
  </div>
  <div
    class="c2"
  >
    <div>
      <h4
        class="c3"
      >
        Location
      </h4>
      <h5
        class="c4"
      >
        Fitzrovia
      </h5>
    </div>
    <button
      class="c5"
      type="button"
    >
      Change Location
    </button>
  </div>
  <p
    class="c6"
  >
    301 Locations
  </p>
</div>
`;
